=======================

Tue May 12 04:29:52 PM UTC 2026

Cpu-load:  0.08, 0.19, 0.65
Memory usage 373Mi/1.9Gi
Disk Usage 53
======================

WARNING‼️ ⛔️ disk is high
=======================

Tue May 12 04:29:58 PM UTC 2026

Cpu-load:  0.08, 0.19, 0.65
Memory usage 373Mi/1.9Gi
Disk Usage 53
======================

WARNING‼️ ⛔️ disk is high
=======================

Tue May 12 04:54:07 PM UTC 2026

Cpu-load:  0.16, 0.09, 0.16
Memory usage 373Mi/1.9Gi
Disk Usage 53
======================

STATUS OK
=======================

Wed May 13 05:18:28 AM UTC 2026

Cpu-load:  0.07, 0.09, 0.47
Memory usage 330Mi/1.9Gi
Disk Usage 54
======================

STATUS OK
=======================

Wed May 13 05:18:39 AM UTC 2026

Cpu-load:  0.06, 0.09, 0.46
Memory usage 330Mi/1.9Gi
Disk Usage 54
======================

STATUS OK
